  
 //NO-COLON-IN-ID/CPART3/01JAN1950/1DAY/FPART3/
 Start: 01JAN1950 at 2400 hours;   End: 12MAR1950 at 2400 hours;  Number:   71
 Units: CFS        Type: PER-AVER
 01JAN1950, 2400;      1.000     2.000     4.000     6.000    15.000     1.000
 07JAN1950, 2400;      2.000     4.000     6.000    15.000     1.000     2.000
 13JAN1950, 2400;      4.000     6.000    15.000     1.000     2.000     4.000
 19JAN1950, 2400;      6.000    15.000     1.000     2.000     4.000     6.000
 25JAN1950, 2400;     15.000     1.000     2.000     4.000     6.000    15.000
 31JAN1950, 2400;      1.000     2.000     4.000     6.000    15.000     1.000
 06FEB1950, 2400;      2.000     4.000     6.000    15.000     1.000     2.000
 12FEB1950, 2400;      4.000     6.000    15.000     1.000     2.000     4.000
 18FEB1950, 2400;      6.000    15.000     1.000     2.000     4.000     6.000
 24FEB1950, 2400;     15.000     1.000     2.000     4.000     6.000    15.000
 02MAR1950, 2400;      1.000     2.000     4.000     6.000    15.000     1.000
 08MAR1950, 2400;      2.000     4.000     6.000    15.000     1.000
 ----------------------------------------------------------------------------
  
 /APART1/BPART1-WITH-DASHES/CPART1/01JAN1950/1DAY/FPART1/
 Start: 01JAN1950 at 2400 hours;   End: 12MAR1950 at 2400 hours;  Number:   71
 Units: CFS        Type: PER-AVER
 01JAN1950, 2400;     5.00   10.00   12.00   13.00   75.00    5.00   10.00
 08JAN1950, 2400;    12.00   13.00   75.00    5.00   10.00   12.00   13.00
 15JAN1950, 2400;    75.00    5.00   10.00   12.00   13.00   75.00    5.00
 22JAN1950, 2400;    10.00   12.00   13.00   75.00    5.00   10.00   12.00
 29JAN1950, 2400;    13.00   75.00    5.00   10.00   12.00   13.00   75.00
 05FEB1950, 2400;     5.00   10.00   12.00   13.00   75.00    5.00   10.00
 12FEB1950, 2400;    12.00   13.00   75.00    5.00   10.00   12.00   13.00
 19FEB1950, 2400;    75.00    5.00   10.00   12.00   13.00   75.00    5.00
 26FEB1950, 2400;    10.00   12.00   13.00   75.00    5.00   10.00   12.00
 05MAR1950, 2400;    13.00   75.00    5.00   10.00   12.00   13.00   75.00
 12MAR1950, 2400;     5.00
 ----------------------------------------------------------------------------
  
 /APART2-WITH-DASHES/BPART2/CPART2/01JAN1950/1DAY/FPART2/
 Start: 01JAN1950 at 2400 hours;   End: 12MAR1950 at 2400 hours;  Number:   71
 Units: CFS        Type: PER-AVER
 01JAN1950, 2400;    10.00   20.00   24.00   26.00  150.00   10.00   20.00
 08JAN1950, 2400;    24.00   26.00  150.00   10.00   20.00   24.00   26.00
 15JAN1950, 2400;   150.00   10.00   20.00   24.00   26.00  150.00   10.00
 22JAN1950, 2400;    20.00   24.00   26.00  150.00   10.00   20.00   24.00
 29JAN1950, 2400;    26.00  150.00   10.00   20.00   24.00   26.00  150.00
 05FEB1950, 2400;    10.00   20.00   24.00   26.00  150.00   10.00   20.00
 12FEB1950, 2400;    24.00   26.00  150.00   10.00   20.00   24.00   26.00
 19FEB1950, 2400;   150.00   10.00   20.00   24.00   26.00  150.00   10.00
 26FEB1950, 2400;    20.00   24.00   26.00  150.00   10.00   20.00   24.00
 05MAR1950, 2400;    26.00  150.00   10.00   20.00   24.00   26.00  150.00
 12MAR1950, 2400;    10.00
 ----------------------------------------------------------------------------
  
