  
 /APART1/BPART1-WITH-DASHES/CPART1/01JAN1950/1MON/PRECISION-1/
 Start: 31JAN1950 at 2400 hours;   End: 31MAR1952 at 2400 hours;  Number:   27
 Units: MGD        Type: PER-AVER
 31JAN1950, 2400;      5.1    10.1    12.6    14.0    75.4     5.1    10.1
 31AUG1950, 2400;     12.6    14.0    75.4     5.1    10.1    12.6    14.0
 31MAR1951, 2400;     75.4     5.1    10.1    12.6    14.0    75.4     5.1
 31OCT1951, 2400;     10.1    12.6    14.0    75.4     5.1    10.1
 ----------------------------------------------------------------------------
  
 /APART2/BPART2-WITH-DASHES/CPART2/01JAN1950/1MON/PRECISION-2/
 Start: 31JAN1950 at 2400 hours;   End: 31MAR1952 at 2400 hours;  Number:   27
 Units: MGD        Type: PER-AVER
 31JAN1950, 2400;     6.12   11.12   13.58   16.97   77.38    6.12   11.12
 31AUG1950, 2400;    13.58   16.97   77.38    6.12   11.12   13.58   16.97
 31MAR1951, 2400;    77.38    6.12   11.12   13.58   16.97   77.38    6.12
 31OCT1951, 2400;    11.12   13.58   16.97   77.38    6.12   11.12
 ----------------------------------------------------------------------------
  
