  
 /APART1/BPART1/CPART1/01JAN1950/4HOUR/4 HOUR DATA/
 Start: 01JAN1950 at 2400 hours;   End: 11JAN1950 at 1200 hours;  Number:   58
 Units: CFS        Type: INST-VAL
 01JAN1950, 2400;     5.00   10.00   12.00   13.00   75.00    5.00   10.00
 03JAN1950, 0400;    12.00   13.00   75.00    5.00   10.00   12.00   13.00
 04JAN1950, 0800;    75.00    5.00   10.00   12.00   13.00   75.00    5.00
 05JAN1950, 1200;    10.00   12.00   13.00   75.00    5.00   10.00   12.00
 06JAN1950, 1600;    13.00   75.00    5.00   10.00   12.00   13.00   75.00
 07JAN1950, 2000;     5.00   10.00   12.00   13.00   75.00    5.00   10.00
 08JAN1950, 2400;    12.00   13.00   75.00    5.00   10.00   12.00   13.00
 10JAN1950, 0400;    75.00    5.00   10.00   12.00   13.00   75.00    5.00
 11JAN1950, 0800;    10.00   12.00
 ----------------------------------------------------------------------------
  
 /APART1/BPART1/CPART1/01JAN1950/6HOUR/6 HOUR DATA/
 Start: 01JAN1950 at 2400 hours;   End: 11JAN1950 at 1200 hours;  Number:   39
 Units: CFS        Type: INST-VAL
 01JAN1950, 2400;     5.00   10.00   12.00   13.00   75.00    5.00   10.00
 03JAN1950, 1800;    12.00   13.00   75.00    5.00   10.00   12.00   13.00
 05JAN1950, 1200;    75.00    5.00   10.00   12.00   13.00   75.00    5.00
 07JAN1950, 0600;    10.00   12.00   13.00   75.00    5.00   10.00   12.00
 08JAN1950, 2400;    13.00   75.00    5.00   10.00   12.00   13.00   75.00
 10JAN1950, 1800;     5.00   10.00   12.00   13.00
 ----------------------------------------------------------------------------
  
 /APART1/BPART1/CPART1/01JAN1950/1HOUR/START ON HOUR 24/
 Start: 01JAN1950 at 2400 hours;   End: 11JAN1950 at 1300 hours;  Number:  230
 Units: CFS        Type: INST-VAL
 01JAN1950, 2400;     5.00   10.00   12.00   13.00   75.00    5.00   10.00
 02JAN1950, 0700;    12.00   13.00   75.00    5.00   10.00   12.00   13.00
 02JAN1950, 1400;    75.00    5.00   10.00   12.00   13.00   75.00    5.00
 02JAN1950, 2100;    10.00   12.00   13.00   75.00    5.00   10.00   12.00
 03JAN1950, 0400;    13.00   75.00    5.00   10.00   12.00   13.00   75.00
 03JAN1950, 1100;     5.00   10.00   12.00   13.00   75.00    5.00   10.00
 03JAN1950, 1800;    12.00   13.00   75.00    5.00   10.00   12.00   13.00
 04JAN1950, 0100;    75.00    5.00   10.00   12.00   13.00   75.00    5.00
 04JAN1950, 0800;    10.00   12.00   13.00   75.00    5.00   10.00   12.00
 04JAN1950, 1500;    13.00   75.00    5.00   10.00   12.00   13.00   75.00
 04JAN1950, 2200;     5.00   10.00   12.00   13.00   75.00    5.00   10.00
 05JAN1950, 0500;    12.00   13.00   75.00    5.00   10.00   12.00   13.00
 05JAN1950, 1200;    75.00    5.00   10.00   12.00   13.00   75.00    5.00
 05JAN1950, 1900;    10.00   12.00   13.00   75.00    5.00   10.00   12.00
 06JAN1950, 0200;    13.00   75.00    5.00   10.00   12.00   13.00   75.00
 06JAN1950, 0900;     5.00   10.00   12.00   13.00   75.00    5.00   10.00
 06JAN1950, 1600;    12.00   13.00   75.00    5.00   10.00   12.00   13.00
 06JAN1950, 2300;    75.00    5.00   10.00   12.00   13.00   75.00    5.00
 07JAN1950, 0600;    10.00   12.00   13.00   75.00    5.00   10.00   12.00
 07JAN1950, 1300;    13.00   75.00    5.00   10.00   12.00   13.00   75.00
 07JAN1950, 2000;     5.00   10.00   12.00   13.00   75.00    5.00   10.00
 08JAN1950, 0300;    12.00   13.00   75.00    5.00   10.00   12.00   13.00
 08JAN1950, 1000;    75.00    5.00   10.00   12.00   13.00   75.00    5.00
 08JAN1950, 1700;    10.00   12.00   13.00   75.00    5.00   10.00   12.00
 08JAN1950, 2400;    13.00   75.00    5.00   10.00   12.00   13.00   75.00
 09JAN1950, 0700;     5.00   10.00   12.00   13.00   75.00    5.00   10.00
 09JAN1950, 1400;    12.00   13.00   75.00    5.00   10.00   12.00   13.00
 09JAN1950, 2100;    75.00    5.00   10.00   12.00   13.00   75.00    5.00
 10JAN1950, 0400;    10.00   12.00   13.00   75.00    5.00   10.00   12.00
 10JAN1950, 1100;    13.00   75.00    5.00   10.00   12.00   13.00   75.00
 10JAN1950, 1800;     5.00   10.00   12.00   13.00   75.00    5.00   10.00
 11JAN1950, 0100;    12.00   13.00   75.00    5.00   10.00   12.00   13.00
 11JAN1950, 0800;    75.00    5.00   10.00   12.00   13.00   75.00
 ----------------------------------------------------------------------------
  
 /APART1/BPART1-WITH-DASHES/CPART1/01DEC1949/1HOUR/FPART1/
 Start: 31DEC1949 at 2400 hours;   End: 31DEC1949 at 2400 hours;  Number:    1
 Units: CFS        Type: INST-VAL
 31DEC1949, 2400;     5.00
 ----------------------------------------------------------------------------
  
 /APART1/BPART1-WITH-DASHES/CPART1/01JAN1950/1HOUR/FPART1/
 Start: 01JAN1950 at 0100 hours;   End: 31JAN1950 at 2400 hours;  Number:  744
 Units: CFS        Type: INST-VAL
 01JAN1950, 0100;    10.00   12.00   13.00   75.00    5.00   10.00   12.00
 01JAN1950, 0800;    13.00   75.00    5.00   10.00   12.00   13.00   75.00
 01JAN1950, 1500;     5.00   10.00   12.00   13.00   75.00    5.00   10.00
 01JAN1950, 2200;    12.00   13.00   75.00    5.00   10.00   12.00   13.00
 02JAN1950, 0500;    75.00    5.00   10.00   12.00   13.00   75.00    5.00
 02JAN1950, 1200;    10.00   12.00   13.00   75.00    5.00   10.00   12.00
 02JAN1950, 1900;    13.00   75.00    5.00   10.00   12.00   13.00   75.00
 03JAN1950, 0200;     5.00   10.00   12.00   13.00   75.00    5.00   10.00
 03JAN1950, 0900;    12.00   13.00   75.00    5.00   10.00   12.00   13.00
 03JAN1950, 1600;    75.00    5.00   10.00   12.00   13.00   75.00    5.00
 03JAN1950, 2300;    10.00   12.00   13.00   75.00    5.00   10.00   12.00
 04JAN1950, 0600;    13.00   75.00    5.00   10.00   12.00   13.00   75.00
 04JAN1950, 1300;     5.00   10.00   12.00   13.00   75.00    5.00   10.00
 04JAN1950, 2000;    12.00   13.00   75.00    5.00   10.00   12.00   13.00
 05JAN1950, 0300;    75.00    5.00   10.00   12.00   13.00   75.00    5.00
 05JAN1950, 1000;    10.00   12.00   13.00   75.00    5.00   10.00   12.00
 05JAN1950, 1700;    13.00   75.00    5.00   10.00   12.00   13.00   75.00
 05JAN1950, 2400;     5.00   10.00   12.00   13.00   75.00    5.00   10.00
 06JAN1950, 0700;    12.00   13.00   75.00    5.00   10.00   12.00   13.00
 06JAN1950, 1400;    75.00    5.00   10.00   12.00   13.00   75.00    5.00
 06JAN1950, 2100;    10.00   12.00   13.00   75.00    5.00   10.00   12.00
 07JAN1950, 0400;    13.00   75.00    5.00   10.00   12.00   13.00   75.00
 07JAN1950, 1100;     5.00   10.00   12.00   13.00   75.00    5.00   10.00
 07JAN1950, 1800;    12.00   13.00   75.00    5.00   10.00   12.00   13.00
 08JAN1950, 0100;    75.00    5.00   10.00   12.00   13.00   75.00    5.00
 08JAN1950, 0800;    10.00   12.00   13.00   75.00    5.00   10.00   12.00
 08JAN1950, 1500;    13.00   75.00    5.00   10.00   12.00   13.00   75.00
 08JAN1950, 2200;     5.00   10.00   12.00   13.00   75.00    5.00   10.00
 09JAN1950, 0500;    12.00   13.00   75.00    5.00   10.00   12.00   13.00
 09JAN1950, 1200;    75.00    5.00   10.00   12.00   13.00   75.00    5.00
 09JAN1950, 1900;    10.00   12.00   13.00   75.00    5.00   10.00   12.00
 10JAN1950, 0200;    13.00   75.00    5.00   10.00   12.00   13.00   75.00
 10JAN1950, 0900;     5.00   10.00   12.00   13.00   75.00    5.00   10.00
 10JAN1950, 1600;    12.00   13.00   75.00    5.00   10.00   12.00   13.00
 10JAN1950, 2300;    75.00    5.00   10.00   12.00   13.00   75.00    5.00
 11JAN1950, 0600;    10.00   12.00   13.00   75.00    5.00   10.00   12.00
 11JAN1950, 1300;    13.00   75.00    5.00   10.00   12.00   13.00   75.00
 11JAN1950, 2000;     5.00   10.00   12.00   13.00   75.00    5.00   10.00
 12JAN1950, 0300;    12.00   13.00   75.00    5.00   10.00   12.00   13.00
 12JAN1950, 1000;    75.00    5.00   10.00   12.00   13.00   75.00    5.00
 12JAN1950, 1700;    10.00   12.00   13.00   75.00    5.00   10.00   12.00
 12JAN1950, 2400;    13.00   75.00    5.00   10.00   12.00   13.00   75.00
 13JAN1950, 0700;     5.00   10.00   12.00   13.00   75.00    5.00   10.00
 13JAN1950, 1400;    12.00   13.00   75.00    5.00   10.00   12.00   13.00
 13JAN1950, 2100;    75.00    5.00   10.00   12.00   13.00   75.00    5.00
 14JAN1950, 0400;    10.00   12.00   13.00   75.00    5.00   10.00   12.00
 14JAN1950, 1100;    13.00   75.00    5.00   10.00   12.00   13.00   75.00
 14JAN1950, 1800;     5.00   10.00   12.00   13.00   75.00    5.00   10.00
 15JAN1950, 0100;    12.00   13.00   75.00    5.00   10.00   12.00   13.00
 15JAN1950, 0800;    75.00    5.00   10.00   12.00   13.00   75.00    5.00
 15JAN1950, 1500;    10.00   12.00   13.00   75.00    5.00   10.00   12.00
 15JAN1950, 2200;    13.00   75.00    5.00   10.00   12.00   13.00   75.00
 16JAN1950, 0500;     5.00   10.00   12.00   13.00   75.00    5.00   10.00
 16JAN1950, 1200;    12.00   13.00   75.00    5.00   10.00   12.00   13.00
 16JAN1950, 1900;    75.00    5.00   10.00   12.00   13.00   75.00    5.00
 17JAN1950, 0200;    10.00   12.00   13.00   75.00    5.00   10.00   12.00
 17JAN1950, 0900;    13.00   75.00    5.00   10.00   12.00   13.00   75.00
 17JAN1950, 1600;     5.00   10.00   12.00   13.00   75.00    5.00   10.00
 17JAN1950, 2300;    12.00   13.00   75.00    5.00   10.00   12.00   13.00
 18JAN1950, 0600;    75.00    5.00   10.00   12.00   13.00   75.00    5.00
 18JAN1950, 1300;    10.00   12.00   13.00   75.00    5.00   10.00   12.00
 18JAN1950, 2000;    13.00   75.00    5.00   10.00   12.00   13.00   75.00
 19JAN1950, 0300;     5.00   10.00   12.00   13.00   75.00    5.00   10.00
 19JAN1950, 1000;    12.00   13.00   75.00    5.00   10.00   12.00   13.00
 19JAN1950, 1700;    75.00    5.00   10.00   12.00   13.00   75.00    5.00
 19JAN1950, 2400;    10.00   12.00   13.00   75.00    5.00   10.00   12.00
 20JAN1950, 0700;    13.00   75.00    5.00   10.00   12.00   13.00   75.00
 20JAN1950, 1400;     5.00   10.00   12.00   13.00   75.00    5.00   10.00
 20JAN1950, 2100;    12.00   13.00   75.00    5.00   10.00   12.00   13.00
 21JAN1950, 0400;    75.00    5.00   10.00   12.00   13.00   75.00    5.00
 21JAN1950, 1100;    10.00   12.00   13.00   75.00    5.00   10.00   12.00
 21JAN1950, 1800;    13.00   75.00    5.00   10.00   12.00   13.00   75.00
 22JAN1950, 0100;     5.00   10.00   12.00   13.00   75.00    5.00   10.00
 22JAN1950, 0800;    12.00   13.00   75.00    5.00   10.00   12.00   13.00
 22JAN1950, 1500;    75.00    5.00   10.00   12.00   13.00   75.00    5.00
 22JAN1950, 2200;    10.00   12.00   13.00   75.00    5.00   10.00   12.00
 23JAN1950, 0500;    13.00   75.00    5.00   10.00   12.00   13.00   75.00
 23JAN1950, 1200;     5.00   10.00   12.00   13.00   75.00    5.00   10.00
 23JAN1950, 1900;    12.00   13.00   75.00    5.00   10.00   12.00   13.00
 24JAN1950, 0200;    75.00    5.00   10.00   12.00   13.00   75.00    5.00
 24JAN1950, 0900;    10.00   12.00   13.00   75.00    5.00   10.00   12.00
 24JAN1950, 1600;    13.00   75.00    5.00   10.00   12.00   13.00   75.00
 24JAN1950, 2300;     5.00   10.00   12.00   13.00   75.00    5.00   10.00
 25JAN1950, 0600;    12.00   13.00   75.00    5.00   10.00   12.00   13.00
 25JAN1950, 1300;    75.00    5.00   10.00   12.00   13.00   75.00    5.00
 25JAN1950, 2000;    10.00   12.00   13.00   75.00    5.00   10.00   12.00
 26JAN1950, 0300;    13.00   75.00    5.00   10.00   12.00   13.00   75.00
 26JAN1950, 1000;     5.00   10.00   12.00   13.00   75.00    5.00   10.00
 26JAN1950, 1700;    12.00   13.00   75.00    5.00   10.00   12.00   13.00
 26JAN1950, 2400;    75.00    5.00   10.00   12.00   13.00   75.00    5.00
 27JAN1950, 0700;    10.00   12.00   13.00   75.00    5.00   10.00   12.00
 27JAN1950, 1400;    13.00   75.00    5.00   10.00   12.00   13.00   75.00
 27JAN1950, 2100;     5.00   10.00   12.00   13.00   75.00    5.00   10.00
 28JAN1950, 0400;    12.00   13.00   75.00    5.00   10.00   12.00   13.00
 28JAN1950, 1100;    75.00    5.00   10.00   12.00   13.00   75.00    5.00
 28JAN1950, 1800;    10.00   12.00   13.00   75.00    5.00   10.00   12.00
 29JAN1950, 0100;    13.00   75.00    5.00   10.00   12.00   13.00   75.00
 29JAN1950, 0800;     5.00   10.00   12.00   13.00   75.00    5.00   10.00
 29JAN1950, 1500;    12.00   13.00   75.00    5.00   10.00   12.00   13.00
 29JAN1950, 2200;    75.00    5.00   10.00   12.00   13.00   75.00    5.00
 30JAN1950, 0500;    10.00   12.00   13.00   75.00    5.00   10.00   12.00
 30JAN1950, 1200;    13.00   75.00    5.00   10.00   12.00   13.00   75.00
 30JAN1950, 1900;     5.00   10.00   12.00   13.00   75.00    5.00   10.00
 31JAN1950, 0200;    12.00   13.00   75.00    5.00   10.00   12.00   13.00
 31JAN1950, 0900;    75.00    5.00   10.00   12.00   13.00   75.00    5.00
 31JAN1950, 1600;    10.00   12.00   13.00   75.00    5.00   10.00   12.00
 31JAN1950, 2300;    13.00   75.00
 ----------------------------------------------------------------------------
  
 /APART1/BPART1-WITH-DASHES/CPART1/01FEB1950/1HOUR/FPART1/
 Start: 01FEB1950 at 0100 hours;   End: 11FEB1950 at 1300 hours;  Number:  253
 Units: CFS        Type: INST-VAL
 01FEB1950, 0100;     5.00   10.00   12.00   13.00   75.00    5.00   10.00
 01FEB1950, 0800;    12.00   13.00   75.00    5.00   10.00   12.00   13.00
 01FEB1950, 1500;    75.00    5.00   10.00   12.00   13.00   75.00    5.00
 01FEB1950, 2200;    10.00   12.00   13.00   75.00    5.00   10.00   12.00
 02FEB1950, 0500;    13.00   75.00    5.00   10.00   12.00   13.00   75.00
 02FEB1950, 1200;     5.00   10.00   12.00   13.00   75.00    5.00   10.00
 02FEB1950, 1900;    12.00   13.00   75.00    5.00   10.00   12.00   13.00
 03FEB1950, 0200;    75.00    5.00   10.00   12.00   13.00   75.00    5.00
 03FEB1950, 0900;    10.00   12.00   13.00   75.00    5.00   10.00   12.00
 03FEB1950, 1600;    13.00   75.00    5.00   10.00   12.00   13.00   75.00
 03FEB1950, 2300;     5.00   10.00   12.00   13.00   75.00    5.00   10.00
 04FEB1950, 0600;    12.00   13.00   75.00    5.00   10.00   12.00   13.00
 04FEB1950, 1300;    75.00    5.00   10.00   12.00   13.00   75.00    5.00
 04FEB1950, 2000;    10.00   12.00   13.00   75.00    5.00   10.00   12.00
 05FEB1950, 0300;    13.00   75.00    5.00   10.00   12.00   13.00   75.00
 05FEB1950, 1000;     5.00   10.00   12.00   13.00   75.00    5.00   10.00
 05FEB1950, 1700;    12.00   13.00   75.00    5.00   10.00   12.00   13.00
 05FEB1950, 2400;    75.00    5.00   10.00   12.00   13.00   75.00    5.00
 06FEB1950, 0700;    10.00   12.00   13.00   75.00    5.00   10.00   12.00
 06FEB1950, 1400;    13.00   75.00    5.00   10.00   12.00   13.00   75.00
 06FEB1950, 2100;     5.00   10.00   12.00   13.00   75.00    5.00   10.00
 07FEB1950, 0400;    12.00   13.00   75.00    5.00   10.00   12.00   13.00
 07FEB1950, 1100;    75.00    5.00   10.00   12.00   13.00   75.00    5.00
 07FEB1950, 1800;    10.00   12.00   13.00   75.00    5.00   10.00   12.00
 08FEB1950, 0100;    13.00   75.00    5.00   10.00   12.00   13.00   75.00
 08FEB1950, 0800;     5.00   10.00   12.00   13.00   75.00    5.00   10.00
 08FEB1950, 1500;    12.00   13.00   75.00    5.00   10.00   12.00   13.00
 08FEB1950, 2200;    75.00    5.00   10.00   12.00   13.00   75.00    5.00
 09FEB1950, 0500;    10.00   12.00   13.00   75.00    5.00   10.00   12.00
 09FEB1950, 1200;    13.00   75.00    5.00   10.00   12.00   13.00   75.00
 09FEB1950, 1900;     5.00   10.00   12.00   13.00   75.00    5.00   10.00
 10FEB1950, 0200;    12.00   13.00   75.00    5.00   10.00   12.00   13.00
 10FEB1950, 0900;    75.00    5.00   10.00   12.00   13.00   75.00    5.00
 10FEB1950, 1600;    10.00   12.00   13.00   75.00    5.00   10.00   12.00
 10FEB1950, 2300;    13.00   75.00    5.00   10.00   12.00   13.00   75.00
 11FEB1950, 0600;     5.00   10.00   12.00   13.00   75.00    5.00   10.00
 11FEB1950, 1300;    12.00
 ----------------------------------------------------------------------------
  
