  
 /NEWPARTA/BPART1-WITH-DASHES/CPART1/01JAN1950/1MON/FPART1/
 Start: 31JAN1950 at 2400 hours;   End: 31MAR1952 at 2400 hours;  Number:   27
 Units: MGD        Type: PER-AVER
 31JAN1950, 2400;     5.00   10.00   12.00   13.00   75.00    5.00   10.00
 31AUG1950, 2400;    12.00   13.00   75.00    5.00   10.00   12.00   13.00
 31MAR1951, 2400;    75.00    5.00   10.00   12.00   13.00   75.00    5.00
 31OCT1951, 2400;    10.00   12.00   13.00   75.00    5.00   10.00
 ----------------------------------------------------------------------------
  
 /NEWPARTA/BPART2-WITH-DASHES/CPART2/01JAN1950/1MON/FPART2/
 Start: 31JAN1950 at 2400 hours;   End: 31MAR1952 at 2400 hours;  Number:   27
 Units: MGD        Type: PER-AVER
 31JAN1950, 2400;    20.00    5.00   30.00    4.00    3.00    2.00   20.00
 31AUG1950, 2400;     5.00   30.00    4.00    3.00    2.00   20.00    5.00
 31MAR1951, 2400;    30.00    4.00    3.00    2.00   20.00    5.00   30.00
 31OCT1951, 2400;     4.00    3.00    2.00   20.00    5.00   30.00
 ----------------------------------------------------------------------------
  
 /NEWPARTA/NEWPARTB/CPART1/01JAN1950/1MON/NEWPARTF/
 Start: 31JAN1950 at 2400 hours;   End: 31MAR1952 at 2400 hours;  Number:   27
 Units: MGD        Type: PER-AVER
 31JAN1950, 2400;     5.00   10.00   12.00   13.00   75.00    5.00   10.00
 31AUG1950, 2400;    12.00   13.00   75.00    5.00   10.00   12.00   13.00
 31MAR1951, 2400;    75.00    5.00   10.00   12.00   13.00   75.00    5.00
 31OCT1951, 2400;    10.00   12.00   13.00   75.00    5.00   10.00
 ----------------------------------------------------------------------------
  
