  
 /APART1/BPART1-WITH-DASHES/CPART1/01JAN1900/1YEAR/FPART1/
 Start: 31DEC1950 at 2400 hours;   End: 31DEC1960 at 2400 hours;  Number:   11
 Units: MGD        Type: PER-CUM 
 31DEC1950, 2400;     5.00   10.00   12.00   13.00   75.00    5.00   10.00
 31DEC1957, 2400;    12.00   13.00   75.00    5.00
 ----------------------------------------------------------------------------
  
 /APART2/BPART2-WITH-DASHES/CPART2/01JAN1950/1DAY/FPART2/
 Start: 01JAN1950 at 2400 hours;   End: 14JAN1950 at 2400 hours;  Number:   14
 Units: MGD        Type: PER-CUM 
 01JAN1950, 2400;     5.00   10.00   12.00   13.00   75.00    5.00   10.00
 08JAN1950, 2400;    12.00   13.00   75.00    5.00   10.00   12.00   13.00
 ----------------------------------------------------------------------------
  
 /ONLYSTART/BPART1-WITH-DASHES/CPART1/01JAN1900/1YEAR/FPART1/
 Start: 31DEC1950 at 2400 hours;   End: 31DEC1970 at 2400 hours;  Number:   21
 Units: MGD        Type: PER-CUM 
 31DEC1950, 2400;     5.00   10.00   12.00   13.00   75.00    5.00   10.00
 31DEC1957, 2400;    12.00   13.00   75.00    5.00   10.00   12.00   13.00
 31DEC1964, 2400;    75.00    5.00   10.00   12.00   13.00   75.00    5.00
 ----------------------------------------------------------------------------
  
