  
 /APART1/BPART1/CPART1/01JAN1950/1DAY/FPART1/
 Start: 01JAN1950 at 2400 hours;   End: 12MAR1950 at 2400 hours;  Number:   71
 Units: CFS        Type: PER-AVER
 01JAN1950, 2400;     5.00   10.00   12.00   13.00   75.00    5.00   10.00
 08JAN1950, 2400;    12.00   13.00   75.00    5.00   10.00   12.00   13.00
 15JAN1950, 2400;    75.00    5.00   10.00   12.00   13.00   75.00    5.00
 22JAN1950, 2400;    10.00   12.00   13.00   75.00    5.00   10.00   12.00
 29JAN1950, 2400;    13.00   75.00    5.00   10.00   12.00   13.00   75.00
 05FEB1950, 2400;     5.00   10.00   12.00   13.00   75.00    5.00   10.00
 12FEB1950, 2400;    12.00   13.00   75.00    5.00   10.00   12.00   13.00
 19FEB1950, 2400;    75.00    5.00   10.00   12.00   13.00   75.00    5.00
 26FEB1950, 2400;    10.00   12.00   13.00   75.00    5.00   10.00   12.00
 05MAR1950, 2400;    13.00   75.00    5.00   10.00   12.00   13.00   75.00
 12MAR1950, 2400;     5.00
 ----------------------------------------------------------------------------
  
