  
 /APART1/BPART1-WITH-DASHES/CPART1/01JAN1900/1YEAR/FPART1/
 Start: 31DEC1950 at 2400 hours;   End: 31DEC1975 at 2400 hours;  Number:   26
 Units: MGD        Type: PER-CUM 
 31DEC1950, 2400;     5.00   10.00   12.00   13.00   75.00    5.00   10.00
 31DEC1957, 2400;    12.00   13.00   75.00    5.00   10.00   12.00   13.00
 31DEC1964, 2400;    75.00    5.00   10.00   12.00   13.00   75.00    5.00
 31DEC1971, 2400;    10.00   12.00   13.00   75.00    5.00
 ----------------------------------------------------------------------------
  
